<html>
<body>
<pre>
<h1>µVision Build Log</h1>
<h2>Tool Versions:</h2>
IDE-Version: µVision V5.38.0.0
Copyright (C) 2022 ARM Ltd and ARM Germany GmbH. All rights reserved.
License Information: Tudor Miron, Academia Tehnica Militara, LIC=----
 
Tool Versions:
Toolchain:       MDK-Lite  Version: 5.38.0.0
Toolchain Path:  C:\Keil_v5\ARM\ARMCLANG\Bin
C Compiler:      ArmClang.exe V6.19
Assembler:       Armasm.exe V6.19
Linker/Locator:  ArmLink.exe V6.19
Library Manager: ArmAr.exe V6.19
Hex Converter:   FromElf.exe V6.19
CPU DLL:         SARMCM3.DLL V5.38.0.0
Dialog DLL:      DARMCM1.DLL V1.19.6.0
Target DLL:      CMSIS_AGDI.dll V1.33.15.0
Dialog DLL:      TARMCM1.DLL V1.14.6.0
 
<h2>Project:</h2>
C:\Users\Tudor\Desktop\Facultate\anul 4\Microprocesoare\New folder\project_micro\project.uvprojx
Project File Date:  11/28/2023

<h2>Output:</h2>
*** Using Compiler 'V6.19', folder: 'C:\Keil_v5\ARM\ARMCLANG\Bin'
Build target 'Target 1'
../../laborator3/switch-rgb-led/switch-rgb-led/gpio.c(1): warning: In file included from...
../../laborator3/switch-rgb-led/switch-rgb-led/gpio.h(4): warning: no newline at end of file [-Wnewline-eof]
void PORTD_IRQHandler(void);
                            ^
../../laborator3/switch-rgb-led/switch-rgb-led/gpio.c(2): warning: // comments are not allowed in this language [-Wcomment]
//#define SWITCH_PIN (12) // PORT A
^
../../laborator3/switch-rgb-led/switch-rgb-led/gpio.c(27): warning: invalid UTF-8 in comment [-Winvalid-utf8]
        // Activare <EE>ntreruperi pe rising edge
                    ^
../../laborator3/switch-rgb-led/switch-rgb-led/gpio.c(33): warning: invalid UTF-8 in comment [-Winvalid-utf8]
        // Activare <EE>ntreruperi pe rising edge
                    ^
../../laborator3/switch-rgb-led/switch-rgb-led/gpio.c(39): warning: invalid UTF-8 in comment [-Winvalid-utf8]
        // Activare <EE>ntrerupere pentru a folosi switch-u
                    ^
../../laborator3/switch-rgb-led/switch-rgb-led/gpio.c(49): warning: a function declaration without a prototype is deprecated in all versions of C [-Wstrict-prototypes]
void PORTD_IRQHandler() {
                     ^
                      void
../../laborator3/switch-rgb-led/switch-rgb-led/gpio.c(94): warning: invalid UTF-8 in comment [-Winvalid-utf8]
        // Activarea semnalului de ceas pentru pinii folositi <EE>n cadrul led-ului RGB
                                                              ^
../../laborator3/switch-rgb-led/switch-rgb-led/gpio.c(132): warning: no newline at end of file [-Wnewline-eof]
}
 ^
../../laborator3/switch-rgb-led/switch-rgb-led/gpio.c(15): warning: no previous extern declaration for non-static variable 'state' [-Wmissing-variable-declarations]
uint8_t state;
        ^
../../laborator3/switch-rgb-led/switch-rgb-led/gpio.c(15): note: declare 'static' if the variable is not intended to be used outside of this translation unit
uint8_t state;
^
9 warnings generated.
compiling gpio.c...
linking...
Program Size: Code=976 RO-data=216 RW-data=0 ZI-data=360  
".\Objects\project.axf" - 0 Error(s), 9 Warning(s).

<h2>Software Packages used:</h2>

Package Vendor: ARM
                http://www.keil.com/pack/ARM.CMSIS.5.9.0.pack
                ARM.CMSIS.5.9.0
                CMSIS (Common Microcontroller Software Interface Standard)
   * Component: CORE Version: 5.6.0

Package Vendor: Keil
                https://www.keil.com/pack/Keil.Kinetis_KLxx_DFP.1.15.1.pack
                Keil.Kinetis_KLxx_DFP.1.15.1
                NXP Kinetis KLxx Series Device Support and Examples
   * Component: Startup Version: 2.5.0

<h2>Collection of Component include folders:</h2>
  ./RTE/Device/MKL25Z128xxx4
  ./RTE/_Target_1
  C:/Users/Tudor/AppData/Local/Arm/Packs/ARM/CMSIS/5.9.0/CMSIS/Core/Include
  C:/Users/Tudor/AppData/Local/Arm/Packs/Keil/Kinetis_KLxx_DFP/1.15.1/Device/Include

<h2>Collection of Component Files used:</h2>

   * Component: ARM::CMSIS:CORE:5.6.0

   * Component: Keil::Device:Startup:2.5.0
      Include file:  Device/Source/system_MKL25Z4.h
      Source file:   Device/Source/ARM/startup_MKL25Z4.s
      Source file:   Device/Source/system_MKL25Z4.c
Build Time Elapsed:  00:00:00
</pre>
</body>
</html>
